
=== Bulk Diff Summary ===
Total: 2 | With changes: 1 | Clean: 1

Repository                               Branch       Files    +/-      Summary
------------------------------------------------------------------------------------------
⚠ repoA                                  master       4        +12/-4   4 files changed, 12 inserti...
